Welcome to my Array Statistics program!
Please enter the values for the array (negative number to end input):
Your stats are as below:
Minimum: 1
Maximum: 19
Mean: 10.0
Palindrome: false
Median: 10.0
Thank you for using my Array Statistics program!!
