Welcome to my fileName encoding program!!

Please pick an option below:
(e) Encode a file name
(q) Quit
>>
Invalid input. Please try again.
>> 
This program will ask you a few questions and generate an encoded fileName based on your
answers.
Enter your last name: 
Enter your first name: 
Was your assignment Late (y/n)? 
Enter your Student-ID (format: 222-22-2222):
Enter the file name: 
Enter the time submitted (military time - ex: 18:24 for 6:24pm): 
Your encoded file name is: stevens_mac_LATE_9876_1223_assignment2.cpp
Please pick an option below:
(e) Encode a file name
(q) Quit
>>
Goodbye!