Your Final Numeric score is 2.8
Your Final Grade is B
