Your Final Numeric score is 3.5
Your Final Grade is A
