Your Final Numeric score is 3.4
Your Final Grade is A
