Your Final Numeric score is 4.0
Your Final Grade is A
